[      98ms] [INFO] %cDownload the React DevTools for a better development experience: https://react.dev/link/react-devtools font-weight:bold @ http://localhost:3000/_next/static/chunks/node_modules_next_dist_1e8vcs8._.js:776
[     109ms] [LOG] [HMR] connected @ http://localhost:3000/_next/static/chunks/node_modules_next_dist_1e8vcs8._.js:776
[  366349ms] [LOG] [Fast Refresh] rebuilding @ http://localhost:3000/_next/static/chunks/node_modules_next_dist_1e8vcs8._.js:776
[  366376ms] [LOG] [Fast Refresh] done in 3ms @ http://localhost:3000/_next/static/chunks/node_modules_next_dist_1e8vcs8._.js:776
[  366565ms] [LOG] [Fast Refresh] done in 119ms @ http://localhost:3000/_next/static/chunks/node_modules_next_dist_1e8vcs8._.js:776
[  366688ms] [LOG] [Fast Refresh] done in 289ms @ http://localhost:3000/_next/static/chunks/node_modules_next_dist_1e8vcs8._.js:776
[  386446ms] [LOG] [Fast Refresh] done in 289ms @ http://localhost:3000/_next/static/chunks/node_modules_next_dist_1e8vcs8._.js:776
[  410439ms] [LOG] [Fast Refresh] done in 289ms @ http://localhost:3000/_next/static/chunks/node_modules_next_dist_1e8vcs8._.js:776
[  423992ms] [LOG] [Fast Refresh] done in 289ms @ http://localhost:3000/_next/static/chunks/node_modules_next_dist_1e8vcs8._.js:776
[  453605ms] [LOG] [Fast Refresh] done in 289ms @ http://localhost:3000/_next/static/chunks/node_modules_next_dist_1e8vcs8._.js:776
[  584992ms] [ERROR] ./lib/locale.ts:1:1
Error: Module not found: Can't resolve './holidays'
> 1 | import { SUPPORTED_COUNTRIES, regionsFor } from "./holidays";
    | ^^^^^^^^^^^^^^^^^^^^^^^^^^^^^^^^^^^^^^^^^^^^^^^^^^^^^^^^^^^^^
  2 |
  3 | export type Locale = {
  4 |   country: string;

Import traces:
  #1 [Server Component]:
    ./lib/locale.ts
    ./app/actions.ts

  #2 [Server Component]:
    ./lib/locale.ts
    ./app/page.tsx

https://nextjs.org/docs/messages/module-not-found @ http://localhost:3000/_next/static/chunks/node_modules_next_dist_1e8vcs8._.js:1052
[  584993ms] [ERROR] ./app/actions.ts:6:1
Error: Module not found: Can't resolve '@/lib/holidays'
  4 | import { cookies } from "next/headers";
  5 |
> 6 | import { SUPPORTED_COUNTRIES, regionsFor } from "@/lib/holidays";
    | ^^^^^^^^^^^^^^^^^^^^^^^^^^^^^^^^^^^^^^^^^^^^^^^^^^^^^^^^^^^^^^^^^
  7 | import { LOCALE_COOKIE, serialiseLocale } from "@/lib/locale";
  8 |
  9 | /**

Import map: aliased to relative './lib/holidays' inside of [project]/

https://nextjs.org/docs/messages/module-not-found @ http://localhost:3000/_next/static/chunks/node_modules_next_dist_1e8vcs8._.js:1052
[  584993ms] [ERROR] ./app/page.tsx:11:1
Error: Module not found: Can't resolve '@/lib/holidays'
   9 | import { TodayMarker } from "@/components/today-marker";
  10 | import { buttonVariants } from "@/components/ui/button";
> 11 | import {
     | ^^^^^^^
> 12 |   SUPPORTED_COUNTRIES,
     | ^^^^^^^^^^^^^^^^^^^^^^
> 13 |   holidaysByDay,
     | ^^^^^^^^^^^^^^^^
> 14 |   publicHolidaysFor,
     | ^^^^^^^^^^^^^^^^^^^^
> 15 |   regionsFor,
     | ^^^^^^^^^^^^^
> 16 | } from "@/lib/holidays";
     | ^^^^^^^^^^^^^^^^^^^^^^^^
  17 | import {
  18 |   DEFAULT_LOCALE,
  19 |   LOCALE_COOKIE,

Import map: aliased to relative './lib/holidays' inside of [project]/

https://nextjs.org/docs/messages/module-not-found @ http://localhost:3000/_next/static/chunks/node_modules_next_dist_1e8vcs8._.js:1052
[  585055ms] [LOG] [Fast Refresh] rebuilding @ http://localhost:3000/_next/static/chunks/node_modules_next_dist_1e8vcs8._.js:776
[  585070ms] [ERROR] ./lib/locale.ts:1:1
Error: Module not found: Can't resolve './holidays'
> 1 | import { SUPPORTED_COUNTRIES, regionsFor } from "./holidays";
    | ^^^^^^^^^^^^^^^^^^^^^^^^^^^^^^^^^^^^^^^^^^^^^^^^^^^^^^^^^^^^^
  2 |
  3 | export type Locale = {
  4 |   country: string;

Import traces:
  #1 [Server Component]:
    ./lib/locale.ts
    ./app/actions.ts

  #2 [Server Component]:
    ./lib/locale.ts
    ./app/page.tsx

https://nextjs.org/docs/messages/module-not-found @ http://localhost:3000/_next/static/chunks/node_modules_next_dist_1e8vcs8._.js:1052
[  585070ms] [ERROR] ./app/actions.ts:6:1
Error: Module not found: Can't resolve '@/lib/holidays'
  4 | import { cookies } from "next/headers";
  5 |
> 6 | import { SUPPORTED_COUNTRIES, regionsFor } from "@/lib/holidays";
    | ^^^^^^^^^^^^^^^^^^^^^^^^^^^^^^^^^^^^^^^^^^^^^^^^^^^^^^^^^^^^^^^^^
  7 | import { LOCALE_COOKIE, serialiseLocale } from "@/lib/locale";
  8 |
  9 | /**

Import map: aliased to relative './lib/holidays' inside of [project]/

https://nextjs.org/docs/messages/module-not-found @ http://localhost:3000/_next/static/chunks/node_modules_next_dist_1e8vcs8._.js:1052
[  585070ms] [ERROR] ./app/page.tsx:11:1
Error: Module not found: Can't resolve '@/lib/holidays'
   9 | import { TodayMarker } from "@/components/today-marker";
  10 | import { buttonVariants } from "@/components/ui/button";
> 11 | import {
     | ^^^^^^^
> 12 |   SUPPORTED_COUNTRIES,
     | ^^^^^^^^^^^^^^^^^^^^^^
> 13 |   holidaysByDay,
     | ^^^^^^^^^^^^^^^^
> 14 |   publicHolidaysFor,
     | ^^^^^^^^^^^^^^^^^^^^
> 15 |   regionsFor,
     | ^^^^^^^^^^^^^
> 16 | } from "@/lib/holidays";
     | ^^^^^^^^^^^^^^^^^^^^^^^^
  17 | import {
  18 |   DEFAULT_LOCALE,
  19 |   LOCALE_COOKIE,

Import map: aliased to relative './lib/holidays' inside of [project]/

https://nextjs.org/docs/messages/module-not-found @ http://localhost:3000/_next/static/chunks/node_modules_next_dist_1e8vcs8._.js:1052
[  596062ms] [ERROR] ./app/actions.ts:6:1
Error: Export SUPPORTED_COUNTRIES doesn't exist in target module
  4 | import { cookies } from "next/headers";
  5 |
> 6 | import { SUPPORTED_COUNTRIES, regionsFor } from "@/lib/holidays";
    | ^^^^^^^^^^^^^^^^^^^^^^^^^^^^^^^^^^^^^^^^^^^^^^^^^^^^^^^^^^^^^^^^^
  7 | import { LOCALE_COOKIE, serialiseLocale } from "@/lib/locale";
  8 |
  9 | /**

The export SUPPORTED_COUNTRIES was not found in module [project]/lib/holidays.ts [app-rsc] (ecmascript).
Did you mean to import holidaysByDay?
All exports of the module are statically known (It doesn't have dynamic exports). So it's known statically that the requested export doesn't exist. @ http://localhost:3000/_next/static/chunks/node_modules_next_dist_1e8vcs8._.js:1052
[  596062ms] [ERROR] ./app/page.tsx:11:1
Error: Export SUPPORTED_COUNTRIES doesn't exist in target module
   9 | import { TodayMarker } from "@/components/today-marker";
  10 | import { buttonVariants } from "@/components/ui/button";
> 11 | import {
     | ^^^^^^^
> 12 |   SUPPORTED_COUNTRIES,
     | ^^^^^^^^^^^^^^^^^^^^^^
> 13 |   holidaysByDay,
     | ^^^^^^^^^^^^^^^^
> 14 |   publicHolidaysFor,
     | ^^^^^^^^^^^^^^^^^^^^
> 15 |   regionsFor,
     | ^^^^^^^^^^^^^
> 16 | } from "@/lib/holidays";
     | ^^^^^^^^^^^^^^^^^^^^^^^^
  17 | import {
  18 |   DEFAULT_LOCALE,
  19 |   LOCALE_COOKIE,

The export SUPPORTED_COUNTRIES was not found in module [project]/lib/holidays.ts [app-rsc] (ecmascript).
Did you mean to import holidaysByDay?
All exports of the module are statically known (It doesn't have dynamic exports). So it's known statically that the requested export doesn't exist. @ http://localhost:3000/_next/static/chunks/node_modules_next_dist_1e8vcs8._.js:1052
[  596062ms] [ERROR] ./lib/locale.ts:1:1
Error: Export SUPPORTED_COUNTRIES doesn't exist in target module
> 1 | import { SUPPORTED_COUNTRIES, regionsFor } from "./holidays";
    | ^^^^^^^^^^^^^^^^^^^^^^^^^^^^^^^^^^^^^^^^^^^^^^^^^^^^^^^^^^^^^
  2 |
  3 | export type Locale = {
  4 |   country: string;

The export SUPPORTED_COUNTRIES was not found in module [project]/lib/holidays.ts [app-rsc] (ecmascript).
Did you mean to import holidaysByDay?
All exports of the module are statically known (It doesn't have dynamic exports). So it's known statically that the requested export doesn't exist.

Import traces:
  #1 [Server Component]:
    ./lib/locale.ts
    ./app/actions.ts

  #2 [Server Component]:
    ./lib/locale.ts
    ./app/page.tsx @ http://localhost:3000/_next/static/chunks/node_modules_next_dist_1e8vcs8._.js:1052
[  596062ms] [ERROR] ./app/page.tsx:11:1
Error: Export publicHolidaysFor doesn't exist in target module
   9 | import { TodayMarker } from "@/components/today-marker";
  10 | import { buttonVariants } from "@/components/ui/button";
> 11 | import {
     | ^^^^^^^
> 12 |   SUPPORTED_COUNTRIES,
     | ^^^^^^^^^^^^^^^^^^^^^^
> 13 |   holidaysByDay,
     | ^^^^^^^^^^^^^^^^
> 14 |   publicHolidaysFor,
     | ^^^^^^^^^^^^^^^^^^^^
> 15 |   regionsFor,
     | ^^^^^^^^^^^^^
> 16 | } from "@/lib/holidays";
     | ^^^^^^^^^^^^^^^^^^^^^^^^
  17 | import {
  18 |   DEFAULT_LOCALE,
  19 |   LOCALE_COOKIE,

The export publicHolidaysFor was not found in module [project]/lib/holidays.ts [app-rsc] (ecmascript).
Did you mean to import holidaysByDay?
All exports of the module are statically known (It doesn't have dynamic exports). So it's known statically that the requested export doesn't exist. @ http://localhost:3000/_next/static/chunks/node_modules_next_dist_1e8vcs8._.js:1052
[  596062ms] [ERROR] ./app/actions.ts:6:1
Error: Export regionsFor doesn't exist in target module
  4 | import { cookies } from "next/headers";
  5 |
> 6 | import { SUPPORTED_COUNTRIES, regionsFor } from "@/lib/holidays";
    | ^^^^^^^^^^^^^^^^^^^^^^^^^^^^^^^^^^^^^^^^^^^^^^^^^^^^^^^^^^^^^^^^^
  7 | import { LOCALE_COOKIE, serialiseLocale } from "@/lib/locale";
  8 |
  9 | /**

The export regionsFor was not found in module [project]/lib/holidays.ts [app-rsc] (ecmascript).
Did you mean to import holidaysByDay?
All exports of the module are statically known (It doesn't have dynamic exports). So it's known statically that the requested export doesn't exist. @ http://localhost:3000/_next/static/chunks/node_modules_next_dist_1e8vcs8._.js:1052
[  596062ms] [ERROR] ./app/page.tsx:11:1
Error: Export regionsFor doesn't exist in target module
   9 | import { TodayMarker } from "@/components/today-marker";
  10 | import { buttonVariants } from "@/components/ui/button";
> 11 | import {
     | ^^^^^^^
> 12 |   SUPPORTED_COUNTRIES,
     | ^^^^^^^^^^^^^^^^^^^^^^
> 13 |   holidaysByDay,
     | ^^^^^^^^^^^^^^^^
> 14 |   publicHolidaysFor,
     | ^^^^^^^^^^^^^^^^^^^^
> 15 |   regionsFor,
     | ^^^^^^^^^^^^^
> 16 | } from "@/lib/holidays";
     | ^^^^^^^^^^^^^^^^^^^^^^^^
  17 | import {
  18 |   DEFAULT_LOCALE,
  19 |   LOCALE_COOKIE,

The export regionsFor was not found in module [project]/lib/holidays.ts [app-rsc] (ecmascript).
Did you mean to import holidaysByDay?
All exports of the module are statically known (It doesn't have dynamic exports). So it's known statically that the requested export doesn't exist. @ http://localhost:3000/_next/static/chunks/node_modules_next_dist_1e8vcs8._.js:1052
[  596062ms] [ERROR] ./lib/locale.ts:1:1
Error: Export regionsFor doesn't exist in target module
> 1 | import { SUPPORTED_COUNTRIES, regionsFor } from "./holidays";
    | ^^^^^^^^^^^^^^^^^^^^^^^^^^^^^^^^^^^^^^^^^^^^^^^^^^^^^^^^^^^^^
  2 |
  3 | export type Locale = {
  4 |   country: string;

The export regionsFor was not found in module [project]/lib/holidays.ts [app-rsc] (ecmascript).
Did you mean to import holidaysByDay?
All exports of the module are statically known (It doesn't have dynamic exports). So it's known statically that the requested export doesn't exist.

Import traces:
  #1 [Server Component]:
    ./lib/locale.ts
    ./app/actions.ts

  #2 [Server Component]:
    ./lib/locale.ts
    ./app/page.tsx @ http://localhost:3000/_next/static/chunks/node_modules_next_dist_1e8vcs8._.js:1052
[  609026ms] [LOG] [Fast Refresh] rebuilding @ http://localhost:3000/_next/static/chunks/node_modules_next_dist_1e8vcs8._.js:776
[  609165ms] [ERROR] ./app/actions.ts:6:1
Error: Export SUPPORTED_COUNTRIES doesn't exist in target module
  4 | import { cookies } from "next/headers";
  5 |
> 6 | import { SUPPORTED_COUNTRIES, regionsFor } from "@/lib/holidays";
    | ^^^^^^^^^^^^^^^^^^^^^^^^^^^^^^^^^^^^^^^^^^^^^^^^^^^^^^^^^^^^^^^^^
  7 | import { LOCALE_COOKIE, serialiseLocale } from "@/lib/locale";
  8 |
  9 | /**

The export SUPPORTED_COUNTRIES was not found in module [project]/lib/holidays.ts [app-rsc] (ecmascript).
Did you mean to import holidaysByDay?
All exports of the module are statically known (It doesn't have dynamic exports). So it's known statically that the requested export doesn't exist. @ http://localhost:3000/_next/static/chunks/node_modules_next_dist_1e8vcs8._.js:1052
[  609165ms] [ERROR] ./app/page.tsx:11:1
Error: Export SUPPORTED_COUNTRIES doesn't exist in target module
   9 | import { TodayMarker } from "@/components/today-marker";
  10 | import { buttonVariants } from "@/components/ui/button";
> 11 | import {
     | ^^^^^^^
> 12 |   SUPPORTED_COUNTRIES,
     | ^^^^^^^^^^^^^^^^^^^^^^
> 13 |   holidaysByDay,
     | ^^^^^^^^^^^^^^^^
> 14 |   publicHolidaysFor,
     | ^^^^^^^^^^^^^^^^^^^^
> 15 |   regionsFor,
     | ^^^^^^^^^^^^^
> 16 | } from "@/lib/holidays";
     | ^^^^^^^^^^^^^^^^^^^^^^^^
  17 | import {
  18 |   DEFAULT_LOCALE,
  19 |   LOCALE_COOKIE,

The export SUPPORTED_COUNTRIES was not found in module [project]/lib/holidays.ts [app-rsc] (ecmascript).
Did you mean to import holidaysByDay?
All exports of the module are statically known (It doesn't have dynamic exports). So it's known statically that the requested export doesn't exist. @ http://localhost:3000/_next/static/chunks/node_modules_next_dist_1e8vcs8._.js:1052
[  609165ms] [ERROR] ./app/page.tsx:11:1
Error: Export publicHolidaysFor doesn't exist in target module
   9 | import { TodayMarker } from "@/components/today-marker";
  10 | import { buttonVariants } from "@/components/ui/button";
> 11 | import {
     | ^^^^^^^
> 12 |   SUPPORTED_COUNTRIES,
     | ^^^^^^^^^^^^^^^^^^^^^^
> 13 |   holidaysByDay,
     | ^^^^^^^^^^^^^^^^
> 14 |   publicHolidaysFor,
     | ^^^^^^^^^^^^^^^^^^^^
> 15 |   regionsFor,
     | ^^^^^^^^^^^^^
> 16 | } from "@/lib/holidays";
     | ^^^^^^^^^^^^^^^^^^^^^^^^
  17 | import {
  18 |   DEFAULT_LOCALE,
  19 |   LOCALE_COOKIE,

The export publicHolidaysFor was not found in module [project]/lib/holidays.ts [app-rsc] (ecmascript).
Did you mean to import holidaysByDay?
All exports of the module are statically known (It doesn't have dynamic exports). So it's known statically that the requested export doesn't exist. @ http://localhost:3000/_next/static/chunks/node_modules_next_dist_1e8vcs8._.js:1052
[  609165ms] [ERROR] ./app/actions.ts:6:1
Error: Export regionsFor doesn't exist in target module
  4 | import { cookies } from "next/headers";
  5 |
> 6 | import { SUPPORTED_COUNTRIES, regionsFor } from "@/lib/holidays";
    | ^^^^^^^^^^^^^^^^^^^^^^^^^^^^^^^^^^^^^^^^^^^^^^^^^^^^^^^^^^^^^^^^^
  7 | import { LOCALE_COOKIE, serialiseLocale } from "@/lib/locale";
  8 |
  9 | /**

The export regionsFor was not found in module [project]/lib/holidays.ts [app-rsc] (ecmascript).
Did you mean to import holidaysByDay?
All exports of the module are statically known (It doesn't have dynamic exports). So it's known statically that the requested export doesn't exist. @ http://localhost:3000/_next/static/chunks/node_modules_next_dist_1e8vcs8._.js:1052
[  609165ms] [ERROR] ./app/page.tsx:11:1
Error: Export regionsFor doesn't exist in target module
   9 | import { TodayMarker } from "@/components/today-marker";
  10 | import { buttonVariants } from "@/components/ui/button";
> 11 | import {
     | ^^^^^^^
> 12 |   SUPPORTED_COUNTRIES,
     | ^^^^^^^^^^^^^^^^^^^^^^
> 13 |   holidaysByDay,
     | ^^^^^^^^^^^^^^^^
> 14 |   publicHolidaysFor,
     | ^^^^^^^^^^^^^^^^^^^^
> 15 |   regionsFor,
     | ^^^^^^^^^^^^^
> 16 | } from "@/lib/holidays";
     | ^^^^^^^^^^^^^^^^^^^^^^^^
  17 | import {
  18 |   DEFAULT_LOCALE,
  19 |   LOCALE_COOKIE,

The export regionsFor was not found in module [project]/lib/holidays.ts [app-rsc] (ecmascript).
Did you mean to import holidaysByDay?
All exports of the module are statically known (It doesn't have dynamic exports). So it's known statically that the requested export doesn't exist. @ http://localhost:3000/_next/static/chunks/node_modules_next_dist_1e8vcs8._.js:1052
[  628633ms] [ERROR] ./app/actions.ts:6:1
Error: Export SUPPORTED_COUNTRIES doesn't exist in target module
  4 | import { cookies } from "next/headers";
  5 |
> 6 | import { SUPPORTED_COUNTRIES, regionsFor } from "@/lib/holidays";
    | ^^^^^^^^^^^^^^^^^^^^^^^^^^^^^^^^^^^^^^^^^^^^^^^^^^^^^^^^^^^^^^^^^
  7 | import { LOCALE_COOKIE, serialiseLocale } from "@/lib/locale";
  8 |
  9 | /**

The export SUPPORTED_COUNTRIES was not found in module [project]/lib/holidays.ts [app-rsc] (ecmascript).
Did you mean to import holidaysByDay?
All exports of the module are statically known (It doesn't have dynamic exports). So it's known statically that the requested export doesn't exist. @ http://localhost:3000/_next/static/chunks/node_modules_next_dist_1e8vcs8._.js:1052
[  628633ms] [ERROR] ./app/page.tsx:11:1
Error: Export SUPPORTED_COUNTRIES doesn't exist in target module
   9 | import { TodayMarker } from "@/components/today-marker";
  10 | import { buttonVariants } from "@/components/ui/button";
> 11 | import {
     | ^^^^^^^
> 12 |   SUPPORTED_COUNTRIES,
     | ^^^^^^^^^^^^^^^^^^^^^^
> 13 |   holidaysByDay,
     | ^^^^^^^^^^^^^^^^
> 14 |   publicHolidaysFor,
     | ^^^^^^^^^^^^^^^^^^^^
> 15 |   regionsFor,
     | ^^^^^^^^^^^^^
> 16 | } from "@/lib/holidays";
     | ^^^^^^^^^^^^^^^^^^^^^^^^
  17 | import {
  18 |   DEFAULT_LOCALE,
  19 |   LOCALE_COOKIE,

The export SUPPORTED_COUNTRIES was not found in module [project]/lib/holidays.ts [app-rsc] (ecmascript).
Did you mean to import holidaysByDay?
All exports of the module are statically known (It doesn't have dynamic exports). So it's known statically that the requested export doesn't exist. @ http://localhost:3000/_next/static/chunks/node_modules_next_dist_1e8vcs8._.js:1052
[  628633ms] [ERROR] ./app/page.tsx:11:1
Error: Export publicHolidaysFor doesn't exist in target module
   9 | import { TodayMarker } from "@/components/today-marker";
  10 | import { buttonVariants } from "@/components/ui/button";
> 11 | import {
     | ^^^^^^^
> 12 |   SUPPORTED_COUNTRIES,
     | ^^^^^^^^^^^^^^^^^^^^^^
> 13 |   holidaysByDay,
     | ^^^^^^^^^^^^^^^^
> 14 |   publicHolidaysFor,
     | ^^^^^^^^^^^^^^^^^^^^
> 15 |   regionsFor,
     | ^^^^^^^^^^^^^
> 16 | } from "@/lib/holidays";
     | ^^^^^^^^^^^^^^^^^^^^^^^^
  17 | import {
  18 |   DEFAULT_LOCALE,
  19 |   LOCALE_COOKIE,

The export publicHolidaysFor was not found in module [project]/lib/holidays.ts [app-rsc] (ecmascript).
Did you mean to import holidaysByDay?
All exports of the module are statically known (It doesn't have dynamic exports). So it's known statically that the requested export doesn't exist. @ http://localhost:3000/_next/static/chunks/node_modules_next_dist_1e8vcs8._.js:1052
[  628633ms] [ERROR] ./app/actions.ts:6:1
Error: Export regionsFor doesn't exist in target module
  4 | import { cookies } from "next/headers";
  5 |
> 6 | import { SUPPORTED_COUNTRIES, regionsFor } from "@/lib/holidays";
    | ^^^^^^^^^^^^^^^^^^^^^^^^^^^^^^^^^^^^^^^^^^^^^^^^^^^^^^^^^^^^^^^^^
  7 | import { LOCALE_COOKIE, serialiseLocale } from "@/lib/locale";
  8 |
  9 | /**

The export regionsFor was not found in module [project]/lib/holidays.ts [app-rsc] (ecmascript).
Did you mean to import holidaysByDay?
All exports of the module are statically known (It doesn't have dynamic exports). So it's known statically that the requested export doesn't exist. @ http://localhost:3000/_next/static/chunks/node_modules_next_dist_1e8vcs8._.js:1052
[  628633ms] [ERROR] ./app/page.tsx:11:1
Error: Export regionsFor doesn't exist in target module
   9 | import { TodayMarker } from "@/components/today-marker";
  10 | import { buttonVariants } from "@/components/ui/button";
> 11 | import {
     | ^^^^^^^
> 12 |   SUPPORTED_COUNTRIES,
     | ^^^^^^^^^^^^^^^^^^^^^^
> 13 |   holidaysByDay,
     | ^^^^^^^^^^^^^^^^
> 14 |   publicHolidaysFor,
     | ^^^^^^^^^^^^^^^^^^^^
> 15 |   regionsFor,
     | ^^^^^^^^^^^^^
> 16 | } from "@/lib/holidays";
     | ^^^^^^^^^^^^^^^^^^^^^^^^
  17 | import {
  18 |   DEFAULT_LOCALE,
  19 |   LOCALE_COOKIE,

The export regionsFor was not found in module [project]/lib/holidays.ts [app-rsc] (ecmascript).
Did you mean to import holidaysByDay?
All exports of the module are statically known (It doesn't have dynamic exports). So it's known statically that the requested export doesn't exist. @ http://localhost:3000/_next/static/chunks/node_modules_next_dist_1e8vcs8._.js:1052
[  648306ms] [ERROR] ./app/actions.ts:6:1
Error: Export SUPPORTED_COUNTRIES doesn't exist in target module
  4 | import { cookies } from "next/headers";
  5 |
> 6 | import { SUPPORTED_COUNTRIES, regionsFor } from "@/lib/holidays";
    | ^^^^^^^^^^^^^^^^^^^^^^^^^^^^^^^^^^^^^^^^^^^^^^^^^^^^^^^^^^^^^^^^^
  7 | import { LOCALE_COOKIE, serialiseLocale } from "@/lib/locale";
  8 |
  9 | /**

The export SUPPORTED_COUNTRIES was not found in module [project]/lib/holidays.ts [app-rsc] (ecmascript).
Did you mean to import holidaysByDay?
All exports of the module are statically known (It doesn't have dynamic exports). So it's known statically that the requested export doesn't exist. @ http://localhost:3000/_next/static/chunks/node_modules_next_dist_1e8vcs8._.js:1052
[  648306ms] [ERROR] ./app/page.tsx:11:1
Error: Export SUPPORTED_COUNTRIES doesn't exist in target module
   9 | import { TodayMarker } from "@/components/today-marker";
  10 | import { buttonVariants } from "@/components/ui/button";
> 11 | import {
     | ^^^^^^^
> 12 |   SUPPORTED_COUNTRIES,
     | ^^^^^^^^^^^^^^^^^^^^^^
> 13 |   holidaysByDay,
     | ^^^^^^^^^^^^^^^^
> 14 |   publicHolidaysFor,
     | ^^^^^^^^^^^^^^^^^^^^
> 15 |   regionsFor,
     | ^^^^^^^^^^^^^
> 16 | } from "@/lib/holidays";
     | ^^^^^^^^^^^^^^^^^^^^^^^^
  17 | import {
  18 |   DEFAULT_LOCALE,
  19 |   LOCALE_COOKIE,

The export SUPPORTED_COUNTRIES was not found in module [project]/lib/holidays.ts [app-rsc] (ecmascript).
Did you mean to import holidaysByDay?
All exports of the module are statically known (It doesn't have dynamic exports). So it's known statically that the requested export doesn't exist. @ http://localhost:3000/_next/static/chunks/node_modules_next_dist_1e8vcs8._.js:1052
[  648306ms] [ERROR] ./app/page.tsx:11:1
Error: Export publicHolidaysFor doesn't exist in target module
   9 | import { TodayMarker } from "@/components/today-marker";
  10 | import { buttonVariants } from "@/components/ui/button";
> 11 | import {
     | ^^^^^^^
> 12 |   SUPPORTED_COUNTRIES,
     | ^^^^^^^^^^^^^^^^^^^^^^
> 13 |   holidaysByDay,
     | ^^^^^^^^^^^^^^^^
> 14 |   publicHolidaysFor,
     | ^^^^^^^^^^^^^^^^^^^^
> 15 |   regionsFor,
     | ^^^^^^^^^^^^^
> 16 | } from "@/lib/holidays";
     | ^^^^^^^^^^^^^^^^^^^^^^^^
  17 | import {
  18 |   DEFAULT_LOCALE,
  19 |   LOCALE_COOKIE,

The export publicHolidaysFor was not found in module [project]/lib/holidays.ts [app-rsc] (ecmascript).
Did you mean to import holidaysByDay?
All exports of the module are statically known (It doesn't have dynamic exports). So it's known statically that the requested export doesn't exist. @ http://localhost:3000/_next/static/chunks/node_modules_next_dist_1e8vcs8._.js:1052
[  648306ms] [ERROR] ./app/actions.ts:6:1
Error: Export regionsFor doesn't exist in target module
  4 | import { cookies } from "next/headers";
  5 |
> 6 | import { SUPPORTED_COUNTRIES, regionsFor } from "@/lib/holidays";
    | ^^^^^^^^^^^^^^^^^^^^^^^^^^^^^^^^^^^^^^^^^^^^^^^^^^^^^^^^^^^^^^^^^
  7 | import { LOCALE_COOKIE, serialiseLocale } from "@/lib/locale";
  8 |
  9 | /**

The export regionsFor was not found in module [project]/lib/holidays.ts [app-rsc] (ecmascript).
Did you mean to import holidaysByDay?
All exports of the module are statically known (It doesn't have dynamic exports). So it's known statically that the requested export doesn't exist. @ http://localhost:3000/_next/static/chunks/node_modules_next_dist_1e8vcs8._.js:1052
[  648306ms] [ERROR] ./app/page.tsx:11:1
Error: Export regionsFor doesn't exist in target module
   9 | import { TodayMarker } from "@/components/today-marker";
  10 | import { buttonVariants } from "@/components/ui/button";
> 11 | import {
     | ^^^^^^^
> 12 |   SUPPORTED_COUNTRIES,
     | ^^^^^^^^^^^^^^^^^^^^^^
> 13 |   holidaysByDay,
     | ^^^^^^^^^^^^^^^^
> 14 |   publicHolidaysFor,
     | ^^^^^^^^^^^^^^^^^^^^
> 15 |   regionsFor,
     | ^^^^^^^^^^^^^
> 16 | } from "@/lib/holidays";
     | ^^^^^^^^^^^^^^^^^^^^^^^^
  17 | import {
  18 |   DEFAULT_LOCALE,
  19 |   LOCALE_COOKIE,

The export regionsFor was not found in module [project]/lib/holidays.ts [app-rsc] (ecmascript).
Did you mean to import holidaysByDay?
All exports of the module are statically known (It doesn't have dynamic exports). So it's known statically that the requested export doesn't exist. @ http://localhost:3000/_next/static/chunks/node_modules_next_dist_1e8vcs8._.js:1052
[  695941ms] [LOG] [Fast Refresh] rebuilding @ http://localhost:3000/_next/static/chunks/node_modules_next_dist_1e8vcs8._.js:776
[  696154ms] [ERROR] ./app/actions.ts:6:1
Error: Export SUPPORTED_COUNTRIES doesn't exist in target module
  4 | import { cookies } from "next/headers";
  5 |
> 6 | import { SUPPORTED_COUNTRIES, regionsFor } from "@/lib/holidays";
    | ^^^^^^^^^^^^^^^^^^^^^^^^^^^^^^^^^^^^^^^^^^^^^^^^^^^^^^^^^^^^^^^^^
  7 | import { LOCALE_COOKIE, serialiseLocale } from "@/lib/locale";
  8 |
  9 | /**

The export SUPPORTED_COUNTRIES was not found in module [project]/lib/holidays.ts [app-rsc] (ecmascript).
Did you mean to import holidaysByDay?
All exports of the module are statically known (It doesn't have dynamic exports). So it's known statically that the requested export doesn't exist. @ http://localhost:3000/_next/static/chunks/node_modules_next_dist_1e8vcs8._.js:1052
[  696154ms] [ERROR] ./app/page.tsx:11:1
Error: Export SUPPORTED_COUNTRIES doesn't exist in target module
   9 | import { TodayMarker } from "@/components/today-marker";
  10 | import { buttonVariants } from "@/components/ui/button";
> 11 | import {
     | ^^^^^^^
> 12 |   SUPPORTED_COUNTRIES,
     | ^^^^^^^^^^^^^^^^^^^^^^
> 13 |   holidaysByDay,
     | ^^^^^^^^^^^^^^^^
> 14 |   publicHolidaysFor,
     | ^^^^^^^^^^^^^^^^^^^^
> 15 |   regionsFor,
     | ^^^^^^^^^^^^^
> 16 | } from "@/lib/holidays";
     | ^^^^^^^^^^^^^^^^^^^^^^^^
  17 | import {
  18 |   DEFAULT_LOCALE,
  19 |   LOCALE_COOKIE,

The export SUPPORTED_COUNTRIES was not found in module [project]/lib/holidays.ts [app-rsc] (ecmascript).
Did you mean to import holidaysByDay?
All exports of the module are statically known (It doesn't have dynamic exports). So it's known statically that the requested export doesn't exist. @ http://localhost:3000/_next/static/chunks/node_modules_next_dist_1e8vcs8._.js:1052
[  696154ms] [ERROR] ./app/page.tsx:11:1
Error: Export publicHolidaysFor doesn't exist in target module
   9 | import { TodayMarker } from "@/components/today-marker";
  10 | import { buttonVariants } from "@/components/ui/button";
> 11 | import {
     | ^^^^^^^
> 12 |   SUPPORTED_COUNTRIES,
     | ^^^^^^^^^^^^^^^^^^^^^^
> 13 |   holidaysByDay,
     | ^^^^^^^^^^^^^^^^
> 14 |   publicHolidaysFor,
     | ^^^^^^^^^^^^^^^^^^^^
> 15 |   regionsFor,
     | ^^^^^^^^^^^^^
> 16 | } from "@/lib/holidays";
     | ^^^^^^^^^^^^^^^^^^^^^^^^
  17 | import {
  18 |   DEFAULT_LOCALE,
  19 |   LOCALE_COOKIE,

The export publicHolidaysFor was not found in module [project]/lib/holidays.ts [app-rsc] (ecmascript).
Did you mean to import holidaysByDay?
All exports of the module are statically known (It doesn't have dynamic exports). So it's known statically that the requested export doesn't exist. @ http://localhost:3000/_next/static/chunks/node_modules_next_dist_1e8vcs8._.js:1052
[  696154ms] [ERROR] ./app/actions.ts:6:1
Error: Export regionsFor doesn't exist in target module
  4 | import { cookies } from "next/headers";
  5 |
> 6 | import { SUPPORTED_COUNTRIES, regionsFor } from "@/lib/holidays";
    | ^^^^^^^^^^^^^^^^^^^^^^^^^^^^^^^^^^^^^^^^^^^^^^^^^^^^^^^^^^^^^^^^^
  7 | import { LOCALE_COOKIE, serialiseLocale } from "@/lib/locale";
  8 |
  9 | /**

The export regionsFor was not found in module [project]/lib/holidays.ts [app-rsc] (ecmascript).
Did you mean to import holidaysByDay?
All exports of the module are statically known (It doesn't have dynamic exports). So it's known statically that the requested export doesn't exist. @ http://localhost:3000/_next/static/chunks/node_modules_next_dist_1e8vcs8._.js:1052
[  696154ms] [ERROR] ./app/page.tsx:11:1
Error: Export regionsFor doesn't exist in target module
   9 | import { TodayMarker } from "@/components/today-marker";
  10 | import { buttonVariants } from "@/components/ui/button";
> 11 | import {
     | ^^^^^^^
> 12 |   SUPPORTED_COUNTRIES,
     | ^^^^^^^^^^^^^^^^^^^^^^
> 13 |   holidaysByDay,
     | ^^^^^^^^^^^^^^^^
> 14 |   publicHolidaysFor,
     | ^^^^^^^^^^^^^^^^^^^^
> 15 |   regionsFor,
     | ^^^^^^^^^^^^^
> 16 | } from "@/lib/holidays";
     | ^^^^^^^^^^^^^^^^^^^^^^^^
  17 | import {
  18 |   DEFAULT_LOCALE,
  19 |   LOCALE_COOKIE,

The export regionsFor was not found in module [project]/lib/holidays.ts [app-rsc] (ecmascript).
Did you mean to import holidaysByDay?
All exports of the module are statically known (It doesn't have dynamic exports). So it's known statically that the requested export doesn't exist. @ http://localhost:3000/_next/static/chunks/node_modules_next_dist_1e8vcs8._.js:1052
[  707699ms] [ERROR] ./app/actions.ts:6:1
Error: Export SUPPORTED_COUNTRIES doesn't exist in target module
  4 | import { cookies } from "next/headers";
  5 |
> 6 | import { SUPPORTED_COUNTRIES, regionsFor } from "@/lib/holidays";
    | ^^^^^^^^^^^^^^^^^^^^^^^^^^^^^^^^^^^^^^^^^^^^^^^^^^^^^^^^^^^^^^^^^
  7 | import { LOCALE_COOKIE, serialiseLocale } from "@/lib/locale";
  8 |
  9 | /**

The export SUPPORTED_COUNTRIES was not found in module [project]/lib/holidays.ts [app-rsc] (ecmascript).
Did you mean to import holidaysByDay?
All exports of the module are statically known (It doesn't have dynamic exports). So it's known statically that the requested export doesn't exist. @ http://localhost:3000/_next/static/chunks/node_modules_next_dist_1e8vcs8._.js:1052
[  707699ms] [ERROR] ./app/actions.ts:6:1
Error: Export regionsFor doesn't exist in target module
  4 | import { cookies } from "next/headers";
  5 |
> 6 | import { SUPPORTED_COUNTRIES, regionsFor } from "@/lib/holidays";
    | ^^^^^^^^^^^^^^^^^^^^^^^^^^^^^^^^^^^^^^^^^^^^^^^^^^^^^^^^^^^^^^^^^
  7 | import { LOCALE_COOKIE, serialiseLocale } from "@/lib/locale";
  8 |
  9 | /**

The export regionsFor was not found in module [project]/lib/holidays.ts [app-rsc] (ecmascript).
Did you mean to import holidaysByDay?
All exports of the module are statically known (It doesn't have dynamic exports). So it's known statically that the requested export doesn't exist. @ http://localhost:3000/_next/static/chunks/node_modules_next_dist_1e8vcs8._.js:1052
[  717274ms] [LOG] [Fast Refresh] rebuilding @ http://localhost:3000/_next/static/chunks/node_modules_next_dist_1e8vcs8._.js:776
[  717352ms] [LOG] [Fast Refresh] done in 170ms @ http://localhost:3000/_next/static/chunks/node_modules_next_dist_1e8vcs8._.js:776
[  748263ms] [LOG] [Fast Refresh] done in 170ms @ http://localhost:3000/_next/static/chunks/node_modules_next_dist_1e8vcs8._.js:776
