[     152ms] [INFO] %cDownload the React DevTools for a better development experience: https://react.dev/link/react-devtools font-weight:bold @ http://localhost:3000/_next/static/chunks/node_modules_next_dist_1e8vcs8._.js:776
[     184ms] [LOG] [HMR] connected @ http://localhost:3000/_next/static/chunks/node_modules_next_dist_1e8vcs8._.js:776
[  117841ms] [LOG] [Fast Refresh] done in 117499ms @ http://localhost:3000/_next/static/chunks/node_modules_next_dist_1e8vcs8._.js:776
[  118953ms] [LOG] [Fast Refresh] done in 118618ms @ http://localhost:3000/_next/static/chunks/node_modules_next_dist_1e8vcs8._.js:776
[  155963ms] [LOG] [Fast Refresh] done in 155627ms @ http://localhost:3000/_next/static/chunks/node_modules_next_dist_1e8vcs8._.js:776
[  157254ms] [LOG] [Fast Refresh] done in 156919ms @ http://localhost:3000/_next/static/chunks/node_modules_next_dist_1e8vcs8._.js:776
[  206118ms] [LOG] [Fast Refresh] rebuilding @ http://localhost:3000/_next/static/chunks/node_modules_next_dist_1e8vcs8._.js:776
[  206148ms] [LOG] [Fast Refresh] done in 3ms @ http://localhost:3000/_next/static/chunks/node_modules_next_dist_1e8vcs8._.js:776
[  256512ms] [ERROR] WebSocket connection to 'ws://localhost:3000/_next/hmr?id=yfZQBANyysLPt0m6_WQjt' failed: Error in connection establishment: net::ERR_CONNECTION_REFUSED @ http://localhost:3000/_next/static/chunks/node_modules_next_dist_client_0_90u2t._.js:16348
[  257516ms] [ERROR] WebSocket connection to 'ws://localhost:3000/_next/hmr?id=yfZQBANyysLPt0m6_WQjt' failed: Error in connection establishment: net::ERR_CONNECTION_REFUSED @ http://localhost:3000/_next/static/chunks/node_modules_next_dist_client_0_90u2t._.js:16348
[  258521ms] [ERROR] WebSocket connection to 'ws://localhost:3000/_next/hmr?id=yfZQBANyysLPt0m6_WQjt' failed: Error in connection establishment: net::ERR_CONNECTION_REFUSED @ http://localhost:3000/_next/static/chunks/node_modules_next_dist_client_0_90u2t._.js:16348
[  259527ms] [ERROR] WebSocket connection to 'ws://localhost:3000/_next/hmr?id=yfZQBANyysLPt0m6_WQjt' failed: Error in connection establishment: net::ERR_CONNECTION_REFUSED @ http://localhost:3000/_next/static/chunks/node_modules_next_dist_client_0_90u2t._.js:16348
[  260531ms] [ERROR] WebSocket connection to 'ws://localhost:3000/_next/hmr?id=yfZQBANyysLPt0m6_WQjt' failed: Error in connection establishment: net::ERR_CONNECTION_REFUSED @ http://localhost:3000/_next/static/chunks/node_modules_next_dist_client_0_90u2t._.js:16348
[  265541ms] [ERROR] WebSocket connection to 'ws://localhost:3000/_next/hmr?id=yfZQBANyysLPt0m6_WQjt' failed: Error in connection establishment: net::ERR_CONNECTION_REFUSED @ http://localhost:3000/_next/static/chunks/node_modules_next_dist_client_0_90u2t._.js:16348
[  270556ms] [ERROR] WebSocket connection to 'ws://localhost:3000/_next/hmr?id=yfZQBANyysLPt0m6_WQjt' failed: Error in connection establishment: net::ERR_CONNECTION_REFUSED @ http://localhost:3000/_next/static/chunks/node_modules_next_dist_client_0_90u2t._.js:16348
[  275586ms] [ERROR] WebSocket connection to 'ws://localhost:3000/_next/hmr?id=yfZQBANyysLPt0m6_WQjt' failed: Error in connection establishment: net::ERR_CONNECTION_REFUSED @ http://localhost:3000/_next/static/chunks/node_modules_next_dist_client_0_90u2t._.js:16348
[  280602ms] [ERROR] WebSocket connection to 'ws://localhost:3000/_next/hmr?id=yfZQBANyysLPt0m6_WQjt' failed: Error in connection establishment: net::ERR_CONNECTION_REFUSED @ http://localhost:3000/_next/static/chunks/node_modules_next_dist_client_0_90u2t._.js:16348
[  285677ms] [ERROR] WebSocket connection to 'ws://localhost:3000/_next/hmr?id=yfZQBANyysLPt0m6_WQjt' failed: Error in connection establishment: net::ERR_CONNECTION_REFUSED @ http://localhost:3000/_next/static/chunks/node_modules_next_dist_client_0_90u2t._.js:16348
[  290790ms] [ERROR] WebSocket connection to 'ws://localhost:3000/_next/hmr?id=yfZQBANyysLPt0m6_WQjt' failed: Error in connection establishment: net::ERR_CONNECTION_REFUSED @ http://localhost:3000/_next/static/chunks/node_modules_next_dist_client_0_90u2t._.js:16348
[  295897ms] [ERROR] WebSocket connection to 'ws://localhost:3000/_next/hmr?id=yfZQBANyysLPt0m6_WQjt' failed: Error in connection establishment: net::ERR_CONNECTION_REFUSED @ http://localhost:3000/_next/static/chunks/node_modules_next_dist_client_0_90u2t._.js:16348
